// Jest Snapshot v1, https://goo.gl/fbAQLP

exports[`renders loading correctly 1`] = `
<button
  className="georefRefresh"
  onClick={[Function]}
>
  Обновить геолокацию
</button>
`;
