// Jest Snapshot v1, https://goo.gl/fbAQLP

exports[`renders WeatherImage correctly 1`] = `
<img
  alt="Weather"
  className="weatherImage"
  src="/images/Clear.jpg"
/>
`;
